// Jest Snapshot v1, https://goo.gl/fbAQLP

exports[`App component should render correctly 1`] = `
ShallowWrapper {
  Symbol(enzyme.__root__): [Circular],
  Symbol(enzyme.__unrendered__): <App />,
  Symbol(enzyme.__renderer__): Object {
    "batchedUpdates": [Function],
    "checkPropTypes": [Function],
    "getNode": [Function],
    "render": [Function],
    "simulateError": [Function],
    "simulateEvent": [Function],
    "unmount": [Function],
  },
  Symbol(enzyme.__node__): Object {
    "instance": null,
    "key": undefined,
    "nodeType": "host",
    "props": Object {
      "children": Array [
        <BrowserRouter>
          <withRouter(Header) />
          <Switch>
            <Redirect
              exact={true}
              from="/"
              to="/about-us"
            />
            <Route
              component={[Function]}
              exact={true}
              path="/about-us"
            />
            <Route
              component={[Function]}
              exact={true}
              path="/contact"
            />
            <Route
              component={[Function]}
              exact={true}
              path="/ski-cams"
            />
          </Switch>
        </BrowserRouter>,
        <Footer />,
      ],
      "className": "root",
    },
    "ref": null,
    "rendered": Array [
      Object {
        "instance": null,
        "key": undefined,
        "nodeType": "class",
        "props": Object {
          "children": Array [
            <withRouter(Header) />,
            <Switch>
              <Redirect
                exact={true}
                from="/"
                to="/about-us"
              />
              <Route
                component={[Function]}
                exact={true}
                path="/about-us"
              />
              <Route
                component={[Function]}
                exact={true}
                path="/contact"
              />
              <Route
                component={[Function]}
                exact={true}
                path="/ski-cams"
              />
            </Switch>,
          ],
        },
        "ref": null,
        "rendered": Array [
          Object {
            "instance": null,
            "key": undefined,
            "nodeType": "function",
            "props": Object {},
            "ref": null,
            "rendered": null,
            "type": [Function],
          },
          Object {
            "instance": null,
            "key": undefined,
            "nodeType": "class",
            "props": Object {
              "children": Array [
                <Redirect
                  exact={true}
                  from="/"
                  to="/about-us"
                />,
                <Route
                  component={[Function]}
                  exact={true}
                  path="/about-us"
                />,
                <Route
                  component={[Function]}
                  exact={true}
                  path="/contact"
                />,
                <Route
                  component={[Function]}
                  exact={true}
                  path="/ski-cams"
                />,
              ],
            },
            "ref": null,
            "rendered": Array [
              Object {
                "instance": null,
                "key": undefined,
                "nodeType": "function",
                "props": Object {
                  "exact": true,
                  "from": "/",
                  "to": "/about-us",
                },
                "ref": null,
                "rendered": null,
                "type": [Function],
              },
              Object {
                "instance": null,
                "key": undefined,
                "nodeType": "class",
                "props": Object {
                  "component": [Function],
                  "exact": true,
                  "path": "/about-us",
                },
                "ref": null,
                "rendered": null,
                "type": [Function],
              },
              Object {
                "instance": null,
                "key": undefined,
                "nodeType": "class",
                "props": Object {
                  "component": [Function],
                  "exact": true,
                  "path": "/contact",
                },
                "ref": null,
                "rendered": null,
                "type": [Function],
              },
              Object {
                "instance": null,
                "key": undefined,
                "nodeType": "class",
                "props": Object {
                  "component": [Function],
                  "exact": true,
                  "path": "/ski-cams",
                },
                "ref": null,
                "rendered": null,
                "type": [Function],
              },
            ],
            "type": [Function],
          },
        ],
        "type": [Function],
      },
      Object {
        "instance": null,
        "key": undefined,
        "nodeType": "function",
        "props": Object {},
        "ref": null,
        "rendered": null,
        "type": [Function],
      },
    ],
    "type": "div",
  },
  Symbol(enzyme.__nodes__): Array [
    Object {
      "instance": null,
      "key": undefined,
      "nodeType": "host",
      "props": Object {
        "children": Array [
          <BrowserRouter>
            <withRouter(Header) />
            <Switch>
              <Redirect
                exact={true}
                from="/"
                to="/about-us"
              />
              <Route
                component={[Function]}
                exact={true}
                path="/about-us"
              />
              <Route
                component={[Function]}
                exact={true}
                path="/contact"
              />
              <Route
                component={[Function]}
                exact={true}
                path="/ski-cams"
              />
            </Switch>
          </BrowserRouter>,
          <Footer />,
        ],
        "className": "root",
      },
      "ref": null,
      "rendered": Array [
        Object {
          "instance": null,
          "key": undefined,
          "nodeType": "class",
          "props": Object {
            "children": Array [
              <withRouter(Header) />,
              <Switch>
                <Redirect
                  exact={true}
                  from="/"
                  to="/about-us"
                />
                <Route
                  component={[Function]}
                  exact={true}
                  path="/about-us"
                />
                <Route
                  component={[Function]}
                  exact={true}
                  path="/contact"
                />
                <Route
                  component={[Function]}
                  exact={true}
                  path="/ski-cams"
                />
              </Switch>,
            ],
          },
          "ref": null,
          "rendered": Array [
            Object {
              "instance": null,
              "key": undefined,
              "nodeType": "function",
              "props": Object {},
              "ref": null,
              "rendered": null,
              "type": [Function],
            },
            Object {
              "instance": null,
              "key": undefined,
              "nodeType": "class",
              "props": Object {
                "children": Array [
                  <Redirect
                    exact={true}
                    from="/"
                    to="/about-us"
                  />,
                  <Route
                    component={[Function]}
                    exact={true}
                    path="/about-us"
                  />,
                  <Route
                    component={[Function]}
                    exact={true}
                    path="/contact"
                  />,
                  <Route
                    component={[Function]}
                    exact={true}
                    path="/ski-cams"
                  />,
                ],
              },
              "ref": null,
              "rendered": Array [
                Object {
                  "instance": null,
                  "key": undefined,
                  "nodeType": "function",
                  "props": Object {
                    "exact": true,
                    "from": "/",
                    "to": "/about-us",
                  },
                  "ref": null,
                  "rendered": null,
                  "type": [Function],
                },
                Object {
                  "instance": null,
                  "key": undefined,
                  "nodeType": "class",
                  "props": Object {
                    "component": [Function],
                    "exact": true,
                    "path": "/about-us",
                  },
                  "ref": null,
                  "rendered": null,
                  "type": [Function],
                },
                Object {
                  "instance": null,
                  "key": undefined,
                  "nodeType": "class",
                  "props": Object {
                    "component": [Function],
                    "exact": true,
                    "path": "/contact",
                  },
                  "ref": null,
                  "rendered": null,
                  "type": [Function],
                },
                Object {
                  "instance": null,
                  "key": undefined,
                  "nodeType": "class",
                  "props": Object {
                    "component": [Function],
                    "exact": true,
                    "path": "/ski-cams",
                  },
                  "ref": null,
                  "rendered": null,
                  "type": [Function],
                },
              ],
              "type": [Function],
            },
          ],
          "type": [Function],
        },
        Object {
          "instance": null,
          "key": undefined,
          "nodeType": "function",
          "props": Object {},
          "ref": null,
          "rendered": null,
          "type": [Function],
        },
      ],
      "type": "div",
    },
  ],
  Symbol(enzyme.__options__): Object {
    "adapter": ReactSixteenAdapter {
      "options": Object {
        "enableComponentDidUpdateOnSetState": true,
        "legacyContextMode": "parent",
        "lifecycles": Object {
          "componentDidUpdate": Object {
            "onSetState": true,
          },
          "getChildContext": Object {
            "calledByRenderer": false,
          },
          "getDerivedStateFromError": true,
          "getDerivedStateFromProps": Object {
            "hasShouldComponentUpdateBug": false,
          },
          "getSnapshotBeforeUpdate": true,
          "setState": Object {
            "skipsComponentDidUpdateOnNullish": true,
          },
        },
      },
    },
  },
}
`;
