// Jest Snapshot v1, https://goo.gl/fbAQLP

exports[`AboutUs component should render correctly 1`] = `
ShallowWrapper {
  Symbol(enzyme.__root__): [Circular],
  Symbol(enzyme.__unrendered__): <AboutUs />,
  Symbol(enzyme.__renderer__): Object {
    "batchedUpdates": [Function],
    "checkPropTypes": [Function],
    "getNode": [Function],
    "render": [Function],
    "simulateError": [Function],
    "simulateEvent": [Function],
    "unmount": [Function],
  },
  Symbol(enzyme.__node__): Object {
    "instance": null,
    "key": undefined,
    "nodeType": "function",
    "props": Object {
      "children": <div
        className="aboutUsWrapper"
      >
        <InfoBox
          img="infoBox1.png"
          text="Etiam ullamcorper. Suspendisse a pellentesque dui, non felis maecenas."
          title="Lorem ipsum"
        />
        <InfoBox
          img="infoBox2.png"
          text="Etiam ullamcorper. Suspendisse a pellentesque dui, non felis maecenas."
          title="Lorem ipsum"
        />
        <InfoBox
          img="infoBox3.png"
          text="Etiam ullamcorper. Suspendisse a pellentesque dui, non felis maecenas."
          title="Lorem ipsum"
        />
      </div>,
    },
    "ref": null,
    "rendered": Object {
      "instance": null,
      "key": undefined,
      "nodeType": "host",
      "props": Object {
        "children": Array [
          <InfoBox
            img="infoBox1.png"
            text="Etiam ullamcorper. Suspendisse a pellentesque dui, non felis maecenas."
            title="Lorem ipsum"
          />,
          <InfoBox
            img="infoBox2.png"
            text="Etiam ullamcorper. Suspendisse a pellentesque dui, non felis maecenas."
            title="Lorem ipsum"
          />,
          <InfoBox
            img="infoBox3.png"
            text="Etiam ullamcorper. Suspendisse a pellentesque dui, non felis maecenas."
            title="Lorem ipsum"
          />,
        ],
        "className": "aboutUsWrapper",
      },
      "ref": null,
      "rendered": Array [
        Object {
          "instance": null,
          "key": "infoBox1.png",
          "nodeType": "function",
          "props": Object {
            "img": "infoBox1.png",
            "text": "Etiam ullamcorper. Suspendisse a pellentesque dui, non felis maecenas.",
            "title": "Lorem ipsum",
          },
          "ref": null,
          "rendered": null,
          "type": [Function],
        },
        Object {
          "instance": null,
          "key": "infoBox2.png",
          "nodeType": "function",
          "props": Object {
            "img": "infoBox2.png",
            "text": "Etiam ullamcorper. Suspendisse a pellentesque dui, non felis maecenas.",
            "title": "Lorem ipsum",
          },
          "ref": null,
          "rendered": null,
          "type": [Function],
        },
        Object {
          "instance": null,
          "key": "infoBox3.png",
          "nodeType": "function",
          "props": Object {
            "img": "infoBox3.png",
            "text": "Etiam ullamcorper. Suspendisse a pellentesque dui, non felis maecenas.",
            "title": "Lorem ipsum",
          },
          "ref": null,
          "rendered": null,
          "type": [Function],
        },
      ],
      "type": "div",
    },
    "type": [Function],
  },
  Symbol(enzyme.__nodes__): Array [
    Object {
      "instance": null,
      "key": undefined,
      "nodeType": "function",
      "props": Object {
        "children": <div
          className="aboutUsWrapper"
        >
          <InfoBox
            img="infoBox1.png"
            text="Etiam ullamcorper. Suspendisse a pellentesque dui, non felis maecenas."
            title="Lorem ipsum"
          />
          <InfoBox
            img="infoBox2.png"
            text="Etiam ullamcorper. Suspendisse a pellentesque dui, non felis maecenas."
            title="Lorem ipsum"
          />
          <InfoBox
            img="infoBox3.png"
            text="Etiam ullamcorper. Suspendisse a pellentesque dui, non felis maecenas."
            title="Lorem ipsum"
          />
        </div>,
      },
      "ref": null,
      "rendered": Object {
        "instance": null,
        "key": undefined,
        "nodeType": "host",
        "props": Object {
          "children": Array [
            <InfoBox
              img="infoBox1.png"
              text="Etiam ullamcorper. Suspendisse a pellentesque dui, non felis maecenas."
              title="Lorem ipsum"
            />,
            <InfoBox
              img="infoBox2.png"
              text="Etiam ullamcorper. Suspendisse a pellentesque dui, non felis maecenas."
              title="Lorem ipsum"
            />,
            <InfoBox
              img="infoBox3.png"
              text="Etiam ullamcorper. Suspendisse a pellentesque dui, non felis maecenas."
              title="Lorem ipsum"
            />,
          ],
          "className": "aboutUsWrapper",
        },
        "ref": null,
        "rendered": Array [
          Object {
            "instance": null,
            "key": "infoBox1.png",
            "nodeType": "function",
            "props": Object {
              "img": "infoBox1.png",
              "text": "Etiam ullamcorper. Suspendisse a pellentesque dui, non felis maecenas.",
              "title": "Lorem ipsum",
            },
            "ref": null,
            "rendered": null,
            "type": [Function],
          },
          Object {
            "instance": null,
            "key": "infoBox2.png",
            "nodeType": "function",
            "props": Object {
              "img": "infoBox2.png",
              "text": "Etiam ullamcorper. Suspendisse a pellentesque dui, non felis maecenas.",
              "title": "Lorem ipsum",
            },
            "ref": null,
            "rendered": null,
            "type": [Function],
          },
          Object {
            "instance": null,
            "key": "infoBox3.png",
            "nodeType": "function",
            "props": Object {
              "img": "infoBox3.png",
              "text": "Etiam ullamcorper. Suspendisse a pellentesque dui, non felis maecenas.",
              "title": "Lorem ipsum",
            },
            "ref": null,
            "rendered": null,
            "type": [Function],
          },
        ],
        "type": "div",
      },
      "type": [Function],
    },
  ],
  Symbol(enzyme.__options__): Object {
    "adapter": ReactSixteenAdapter {
      "options": Object {
        "enableComponentDidUpdateOnSetState": true,
        "legacyContextMode": "parent",
        "lifecycles": Object {
          "componentDidUpdate": Object {
            "onSetState": true,
          },
          "getChildContext": Object {
            "calledByRenderer": false,
          },
          "getDerivedStateFromError": true,
          "getDerivedStateFromProps": Object {
            "hasShouldComponentUpdateBug": false,
          },
          "getSnapshotBeforeUpdate": true,
          "setState": Object {
            "skipsComponentDidUpdateOnNullish": true,
          },
        },
      },
    },
  },
}
`;
